Copyright 1986-2020 Xilinx, Inc. All Rights Reserved.
-----------------------------------------------------------------------------------------------------
| Tool Version : Vivado v.2020.1 (win64) Build 2902540 Wed May 27 19:54:49 MDT 2020
| Date         : Mon Nov 23 01:30:57 2020
| Host         : Megatron running 64-bit major release  (build 9200)
| Command      : report_control_sets -verbose -file PartitionCheckII_wrapper_control_sets_placed.rpt
| Design       : PartitionCheckII_wrapper
| Device       : xc7z020
-----------------------------------------------------------------------------------------------------

Control Set Information

Table of Contents
-----------------
1. Summary
2. Histogram
3. Flip-Flop Distribution
4. Detailed Control Set Information

1. Summary
----------

+----------------------------------------------------------+-------+
|                          Status                          | Count |
+----------------------------------------------------------+-------+
| Total control sets                                       |   100 |
|    Minimum number of control sets                        |   100 |
|    Addition due to synthesis replication                 |     0 |
|    Addition due to physical synthesis replication        |     0 |
| Unused register locations in slices containing registers |   271 |
+----------------------------------------------------------+-------+
* Control sets can be merged at opt_design using control_set_merge or merge_equivalent_drivers
** Run report_qor_suggestions for automated merging and remapping suggestions


2. Histogram
------------

+--------------------+-------+
|       Fanout       | Count |
+--------------------+-------+
| Total control sets |   100 |
| >= 0 to < 4        |     3 |
| >= 4 to < 6        |    20 |
| >= 6 to < 8        |     5 |
| >= 8 to < 10       |     9 |
| >= 10 to < 12      |     8 |
| >= 12 to < 14      |     4 |
| >= 14 to < 16      |     2 |
| >= 16              |    49 |
+--------------------+-------+
* Control sets can be remapped at either synth_design or opt_design


3. Flip-Flop Distribution
-------------------------

+--------------+-----------------------+------------------------+-----------------+--------------+
| Clock Enable | Synchronous Set/Reset | Asynchronous Set/Reset | Total Registers | Total Slices |
+--------------+-----------------------+------------------------+-----------------+--------------+
| No           | No                    | No                     |             144 |           57 |
| No           | No                    | Yes                    |              42 |           16 |
| No           | Yes                   | No                     |             132 |           55 |
| Yes          | No                    | No                     |             973 |          224 |
| Yes          | No                    | Yes                    |              60 |           14 |
| Yes          | Yes                   | No                     |             826 |          194 |
+--------------+-----------------------+------------------------+-----------------+--------------+


4. Detailed Control Set Information
-----------------------------------

+---------------------------------------------------------+----------------------------------------------------------------------------------------------------------------------------------------------------------------------------------------------------------------------------------------------------------------------+---------------------------------------------------------------------------------------------------------------------------------------------------------------------------------------------------------------------------------------------------------------------------------------+------------------+----------------+--------------+
|                       Clock Signal                      |                                                                                                                             Enable Signal                                                                                                                            |                                                                                                                                    Set/Reset Signal                                                                                                                                   | Slice Load Count | Bel Load Count | Bels / Slice |
+---------------------------------------------------------+----------------------------------------------------------------------------------------------------------------------------------------------------------------------------------------------------------------------------------------------------------------------+---------------------------------------------------------------------------------------------------------------------------------------------------------------------------------------------------------------------------------------------------------------------------------------+------------------+----------------+--------------+
|  PartitionCheckII_i/processing_system7_0/inst/FCLK_CLK0 | PartitionCheckII_i/axi_mem_intercon/s00_couplers/auto_us/inst/gen_upsizer.gen_full_upsizer.axi_upsizer_inst/USE_WRITE.write_addr_inst/GEN_CMD_QUEUE.cmd_queue/M_READY_I                                                                                              | PartitionCheckII_i/axi_mem_intercon/s00_couplers/auto_us/inst/gen_upsizer.gen_full_upsizer.axi_upsizer_inst/USE_WRITE.gen_non_fifo_w_upsizer.write_data_inst/SR[0]                                                                                                                    |                1 |              1 |         1.00 |
|  PartitionCheckII_i/processing_system7_0/inst/FCLK_CLK0 | PartitionCheckII_i/axi_mem_intercon/s00_couplers/auto_pc/inst/gen_axi4_axi3.axi3_conv_inst/USE_READ.USE_SPLIT_R.read_addr_inst/USE_R_CHANNEL.cmd_queue/inst/fifo_gen_inst/inst_fifo_gen/gconvfifo.rf/grf.rf/gntv_or_sync_fifo.gl0.wr/gwss.wsts/E[0]                  |                                                                                                                                                                                                                                                                                       |                1 |              2 |         2.00 |
|  PartitionCheckII_i/processing_system7_0/inst/FCLK_CLK0 | PartitionCheckII_i/ps7_0_axi_periph/s00_couplers/auto_pc/inst/gen_axilite.gen_b2s_conv.axilite_b2s/WR.b_channel_0/bid_fifo_0/bresp_push                                                                                                                              |                                                                                                                                                                                                                                                                                       |                1 |              2 |         2.00 |
|  PartitionCheckII_i/processing_system7_0/inst/FCLK_CLK0 |                                                                                                                                                                                                                                                                      | PartitionCheckII_i/rst_ps7_0_50M/U0/EXT_LPF/lpf_int                                                                                                                                                                                                                                   |                1 |              4 |         4.00 |
|  PartitionCheckII_i/processing_system7_0/inst/FCLK_CLK0 | PartitionCheckII_i/PartitionCheckII_0/inst/PartitionCheckII_output_r_m_axi_U/bus_read/fifo_rctl/full_n_reg_3                                                                                                                                                         | PartitionCheckII_i/PartitionCheckII_0/inst/PartitionCheckII_output_r_m_axi_U/bus_read/buff_rdata/SR[0]                                                                                                                                                                                |                1 |              4 |         4.00 |
|  PartitionCheckII_i/processing_system7_0/inst/FCLK_CLK0 | PartitionCheckII_i/PartitionCheckII_0/inst/PartitionCheckII_output_r_m_axi_U/bus_read/fifo_rctl/pout[3]_i_1_n_3                                                                                                                                                      | PartitionCheckII_i/PartitionCheckII_0/inst/PartitionCheckII_output_r_m_axi_U/bus_read/buff_rdata/SR[0]                                                                                                                                                                                |                2 |              4 |         2.00 |
|  PartitionCheckII_i/processing_system7_0/inst/FCLK_CLK0 | PartitionCheckII_i/axi_mem_intercon/s00_couplers/auto_pc/inst/gen_axi4_axi3.axi3_conv_inst/USE_WRITE.write_addr_inst/USE_B_CHANNEL.cmd_b_queue/inst/m_axi_awready_0[0]                                                                                               | PartitionCheckII_i/axi_mem_intercon/s00_couplers/auto_pc/inst/gen_axi4_axi3.axi3_conv_inst/USE_WRITE.write_addr_inst/pushed_commands[3]_i_1_n_0                                                                                                                                       |                2 |              4 |         2.00 |
|  PartitionCheckII_i/processing_system7_0/inst/FCLK_CLK0 |                                                                                                                                                                                                                                                                      | PartitionCheckII_i/ps7_0_axi_periph/s00_couplers/auto_pc/inst/gen_axilite.gen_b2s_conv.axilite_b2s/SI_REG/ar.ar_pipe/aresetn_d_reg[1]_inv_0                                                                                                                                           |                2 |              4 |         2.00 |
|  PartitionCheckII_i/processing_system7_0/inst/FCLK_CLK0 |                                                                                                                                                                                                                                                                      | PartitionCheckII_i/ps7_0_axi_periph/s00_couplers/auto_pc/inst/gen_axilite.gen_b2s_conv.axilite_b2s/SI_REG/aw.aw_pipe/aresetn_d_reg[0]_0                                                                                                                                               |                2 |              4 |         2.00 |
|  PartitionCheckII_i/processing_system7_0/inst/FCLK_CLK0 | PartitionCheckII_i/axi_mem_intercon/s00_couplers/auto_pc/inst/gen_axi4_axi3.axi3_conv_inst/USE_WRITE.write_addr_inst/USE_BURSTS.cmd_queue/inst/fifo_gen_inst/inst_fifo_gen/gconvfifo.rf/grf.rf/rstblk/E[0]                                                           |                                                                                                                                                                                                                                                                                       |                1 |              4 |         4.00 |
|  PartitionCheckII_i/processing_system7_0/inst/FCLK_CLK0 | PartitionCheckII_i/axi_mem_intercon/s00_couplers/auto_us/inst/gen_upsizer.gen_full_upsizer.axi_upsizer_inst/si_register_slice_inst/aw.aw_pipe/E[0]                                                                                                                   |                                                                                                                                                                                                                                                                                       |                1 |              4 |         4.00 |
|  PartitionCheckII_i/processing_system7_0/inst/FCLK_CLK0 | PartitionCheckII_i/axi_mem_intercon/s00_couplers/auto_pc/inst/gen_axi4_axi3.axi3_conv_inst/USE_WRITE.write_addr_inst/USE_BURSTS.cmd_queue/inst/fifo_gen_inst/inst_fifo_gen/gconvfifo.rf/grf.rf/gntv_or_sync_fifo.gl0.rd/gr1.gr1_int.rfwft/E[0]                       |                                                                                                                                                                                                                                                                                       |                1 |              4 |         4.00 |
|  PartitionCheckII_i/processing_system7_0/inst/FCLK_CLK0 | PartitionCheckII_i/PartitionCheckII_0/inst/PartitionCheckII_sqrt_s_axi_U/ar_hs                                                                                                                                                                                       | PartitionCheckII_i/PartitionCheckII_0/inst/PartitionCheckII_sqrt_s_axi_U/rdata[7]_i_1_n_3                                                                                                                                                                                             |                1 |              4 |         4.00 |
|  PartitionCheckII_i/processing_system7_0/inst/FCLK_CLK0 | PartitionCheckII_i/axi_mem_intercon/s00_couplers/auto_pc/inst/gen_axi4_axi3.axi3_conv_inst/USE_READ.USE_SPLIT_R.read_addr_inst/USE_R_CHANNEL.cmd_queue/inst/E[0]                                                                                                     | PartitionCheckII_i/axi_mem_intercon/s00_couplers/auto_pc/inst/gen_axi4_axi3.axi3_conv_inst/USE_READ.USE_SPLIT_R.read_addr_inst/pushed_commands[3]_i_1__0_n_0                                                                                                                          |                2 |              4 |         2.00 |
|  PartitionCheckII_i/processing_system7_0/inst/FCLK_CLK0 | PartitionCheckII_i/processing_system7_0/inst/S_AXI_HP0_BVALID                                                                                                                                                                                                        | PartitionCheckII_i/axi_mem_intercon/s00_couplers/auto_pc/inst/gen_axi4_axi3.axi3_conv_inst/USE_WRITE.write_addr_inst/USE_BURSTS.cmd_queue/inst/SR[0]                                                                                                                                  |                1 |              5 |         5.00 |
|  PartitionCheckII_i/processing_system7_0/inst/FCLK_CLK0 | PartitionCheckII_i/ps7_0_axi_periph/s00_couplers/auto_pc/inst/gen_axilite.gen_b2s_conv.axilite_b2s/RD.r_channel_0/transaction_fifo_0/cnt_read[4]_i_1__0_n_0                                                                                                          | PartitionCheckII_i/ps7_0_axi_periph/s00_couplers/auto_pc/inst/gen_axilite.gen_b2s_conv.axilite_b2s/areset_d1                                                                                                                                                                          |                2 |              5 |         2.50 |
|  PartitionCheckII_i/processing_system7_0/inst/FCLK_CLK0 | PartitionCheckII_i/axi_mem_intercon/s00_couplers/auto_pc/inst/gen_axi4_axi3.axi3_conv_inst/USE_WRITE.write_addr_inst/E[0]                                                                                                                                            | PartitionCheckII_i/axi_mem_intercon/s00_couplers/auto_pc/inst/gen_axi4_axi3.axi3_conv_inst/USE_WRITE.write_addr_inst/USE_BURSTS.cmd_queue/inst/SR[0]                                                                                                                                  |                2 |              5 |         2.50 |
|  PartitionCheckII_i/processing_system7_0/inst/FCLK_CLK0 | PartitionCheckII_i/ps7_0_axi_periph/s00_couplers/auto_pc/inst/gen_axilite.gen_b2s_conv.axilite_b2s/RD.r_channel_0/rd_data_fifo_0/cnt_read[4]_i_1_n_0                                                                                                                 | PartitionCheckII_i/ps7_0_axi_periph/s00_couplers/auto_pc/inst/gen_axilite.gen_b2s_conv.axilite_b2s/areset_d1                                                                                                                                                                          |                1 |              5 |         5.00 |
|  PartitionCheckII_i/processing_system7_0/inst/FCLK_CLK0 | PartitionCheckII_i/axi_mem_intercon/s00_couplers/auto_us/inst/gen_upsizer.gen_full_upsizer.axi_upsizer_inst/USE_READ.read_addr_inst/GEN_CMD_QUEUE.cmd_queue/USE_RTL_ADDR.addr_q                                                                                      | PartitionCheckII_i/axi_mem_intercon/s00_couplers/auto_us/inst/gen_upsizer.gen_full_upsizer.axi_upsizer_inst/USE_WRITE.gen_non_fifo_w_upsizer.write_data_inst/SR[0]                                                                                                                    |                2 |              5 |         2.50 |
|  PartitionCheckII_i/processing_system7_0/inst/FCLK_CLK0 | PartitionCheckII_i/axi_mem_intercon/s00_couplers/auto_pc/inst/gen_axi4_axi3.axi3_conv_inst/USE_WRITE.write_addr_inst/USE_B_CHANNEL.cmd_b_queue/inst/fifo_gen_inst/inst_fifo_gen/gconvfifo.rf/grf.rf/gntv_or_sync_fifo.gl0.rd/gr1.gr1_int.rfwft/E[0]                  |                                                                                                                                                                                                                                                                                       |                1 |              5 |         5.00 |
|  PartitionCheckII_i/processing_system7_0/inst/FCLK_CLK0 | PartitionCheckII_i/axi_mem_intercon/s00_couplers/auto_us/inst/gen_upsizer.gen_full_upsizer.axi_upsizer_inst/USE_WRITE.write_addr_inst/GEN_CMD_QUEUE.cmd_queue/USE_RTL_ADDR.addr_q                                                                                    | PartitionCheckII_i/axi_mem_intercon/s00_couplers/auto_us/inst/gen_upsizer.gen_full_upsizer.axi_upsizer_inst/USE_WRITE.gen_non_fifo_w_upsizer.write_data_inst/SR[0]                                                                                                                    |                1 |              5 |         5.00 |
|  PartitionCheckII_i/processing_system7_0/inst/FCLK_CLK0 | PartitionCheckII_i/axi_mem_intercon/s00_couplers/auto_pc/inst/gen_axi4_axi3.axi3_conv_inst/USE_WRITE.write_addr_inst/USE_B_CHANNEL.cmd_b_queue/inst/fifo_gen_inst/inst_fifo_gen/gconvfifo.rf/grf.rf/rstblk/E[0]                                                      |                                                                                                                                                                                                                                                                                       |                1 |              5 |         5.00 |
|  PartitionCheckII_i/processing_system7_0/inst/FCLK_CLK0 | PartitionCheckII_i/PartitionCheckII_0/inst/PartitionCheckII_sqrt_s_axi_U/waddr                                                                                                                                                                                       |                                                                                                                                                                                                                                                                                       |                2 |              5 |         2.50 |
|  PartitionCheckII_i/processing_system7_0/inst/FCLK_CLK0 | PartitionCheckII_i/rst_ps7_0_50M/U0/SEQ/seq_cnt_en                                                                                                                                                                                                                   | PartitionCheckII_i/rst_ps7_0_50M/U0/SEQ/SEQ_COUNTER/clear                                                                                                                                                                                                                             |                1 |              6 |         6.00 |
|  PartitionCheckII_i/processing_system7_0/inst/FCLK_CLK0 | PartitionCheckII_i/PartitionCheckII_0/inst/PartitionCheckII_output_r_m_axi_U/bus_read/fifo_rctl/p_20_in                                                                                                                                                              | PartitionCheckII_i/PartitionCheckII_0/inst/PartitionCheckII_output_r_m_axi_U/bus_read/fifo_rctl/ap_rst_n_0[0]                                                                                                                                                                         |                2 |              6 |         3.00 |
|  PartitionCheckII_i/processing_system7_0/inst/FCLK_CLK0 | PartitionCheckII_i/axi_mem_intercon/s00_couplers/auto_pc/inst/gen_axi4_axi3.axi3_conv_inst/USE_WRITE.write_addr_inst/USE_B_CHANNEL.cmd_b_queue/inst/E[0]                                                                                                             | PartitionCheckII_i/axi_mem_intercon/s00_couplers/auto_pc/inst/gen_axi4_axi3.axi3_conv_inst/USE_WRITE.write_addr_inst/USE_BURSTS.cmd_queue/inst/SR[0]                                                                                                                                  |                2 |              6 |         3.00 |
|  PartitionCheckII_i/processing_system7_0/inst/FCLK_CLK0 | PartitionCheckII_i/axi_mem_intercon/s00_couplers/auto_pc/inst/gen_axi4_axi3.axi3_conv_inst/USE_READ.USE_SPLIT_R.read_addr_inst/USE_R_CHANNEL.cmd_queue/inst/m_axi_rlast_0[0]                                                                                         | PartitionCheckII_i/axi_mem_intercon/s00_couplers/auto_pc/inst/gen_axi4_axi3.axi3_conv_inst/USE_WRITE.write_addr_inst/USE_BURSTS.cmd_queue/inst/SR[0]                                                                                                                                  |                2 |              6 |         3.00 |
|  PartitionCheckII_i/processing_system7_0/inst/FCLK_CLK0 | PartitionCheckII_i/axi_mem_intercon/s00_couplers/auto_us/inst/gen_upsizer.gen_full_upsizer.axi_upsizer_inst/USE_READ.gen_non_fifo_r_upsizer.read_data_inst/E[0]                                                                                                      | PartitionCheckII_i/axi_mem_intercon/s00_couplers/auto_us/inst/gen_upsizer.gen_full_upsizer.axi_upsizer_inst/USE_WRITE.gen_non_fifo_w_upsizer.write_data_inst/SR[0]                                                                                                                    |                4 |              7 |         1.75 |
|  PartitionCheckII_i/processing_system7_0/inst/FCLK_CLK0 | PartitionCheckII_i/ps7_0_axi_periph/s00_couplers/auto_pc/inst/gen_axilite.gen_b2s_conv.axilite_b2s/WR.aw_channel_0/cmd_translator_0/incr_cmd_0/axaddr_incr[11]_i_1_n_0                                                                                               |                                                                                                                                                                                                                                                                                       |                1 |              8 |         8.00 |
|  PartitionCheckII_i/processing_system7_0/inst/FCLK_CLK0 | PartitionCheckII_i/ps7_0_axi_periph/s00_couplers/auto_pc/inst/gen_axilite.gen_b2s_conv.axilite_b2s/RD.ar_channel_0/ar_cmd_fsm_0/sel_first_reg[0]                                                                                                                     |                                                                                                                                                                                                                                                                                       |                2 |              8 |         4.00 |
|  PartitionCheckII_i/processing_system7_0/inst/FCLK_CLK0 | PartitionCheckII_i/ps7_0_axi_periph/s00_couplers/auto_pc/inst/gen_axilite.gen_b2s_conv.axilite_b2s/RD.ar_channel_0/ar_cmd_fsm_0/E[0]                                                                                                                                 |                                                                                                                                                                                                                                                                                       |                5 |              8 |         1.60 |
|  PartitionCheckII_i/processing_system7_0/inst/FCLK_CLK0 | PartitionCheckII_i/ps7_0_axi_periph/s00_couplers/auto_pc/inst/gen_axilite.gen_b2s_conv.axilite_b2s/WR.b_channel_0/mhandshake_r                                                                                                                                       | PartitionCheckII_i/ps7_0_axi_periph/s00_couplers/auto_pc/inst/gen_axilite.gen_b2s_conv.axilite_b2s/WR.b_channel_0/bid_fifo_0/SR[0]                                                                                                                                                    |                3 |              8 |         2.67 |
|  PartitionCheckII_i/processing_system7_0/inst/FCLK_CLK0 | PartitionCheckII_i/axi_mem_intercon/s00_couplers/auto_pc/inst/gen_axi4_axi3.axi3_conv_inst/USE_WRITE.write_addr_inst/USE_B_CHANNEL.cmd_b_queue/inst/fifo_gen_inst/inst_fifo_gen/gconvfifo.rf/grf.rf/gntv_or_sync_fifo.gl0.wr/gwss.wsts/E[0]                          |                                                                                                                                                                                                                                                                                       |                1 |              8 |         8.00 |
|  PartitionCheckII_i/processing_system7_0/inst/FCLK_CLK0 | PartitionCheckII_i/axi_mem_intercon/s00_couplers/auto_pc/inst/gen_axi4_axi3.axi3_conv_inst/USE_WRITE.write_addr_inst/USE_BURSTS.cmd_queue/inst/fifo_gen_inst/inst_fifo_gen/gconvfifo.rf/grf.rf/gntv_or_sync_fifo.gl0.wr/gwss.wsts/E[0]                               |                                                                                                                                                                                                                                                                                       |                1 |              8 |         8.00 |
|  PartitionCheckII_i/processing_system7_0/inst/FCLK_CLK0 | PartitionCheckII_i/PartitionCheckII_0/inst/PartitionCheckII_output_r_m_axi_U/bus_read/buff_rdata/usedw[7]_i_1_n_3                                                                                                                                                    | PartitionCheckII_i/PartitionCheckII_0/inst/PartitionCheckII_output_r_m_axi_U/bus_read/buff_rdata/SR[0]                                                                                                                                                                                |                3 |              8 |         2.67 |
|  PartitionCheckII_i/processing_system7_0/inst/FCLK_CLK0 | PartitionCheckII_i/ps7_0_axi_periph/s00_couplers/auto_pc/inst/gen_axilite.gen_b2s_conv.axilite_b2s/WR.aw_channel_0/aw_cmd_fsm_0/FSM_sequential_state_reg[1]_0[0]                                                                                                     |                                                                                                                                                                                                                                                                                       |                2 |              8 |         4.00 |
|  PartitionCheckII_i/processing_system7_0/inst/FCLK_CLK0 | PartitionCheckII_i/PartitionCheckII_0/inst/PartitionCheckII_output_r_m_axi_U/bus_read/rs_rdata/ap_CS_fsm_reg[17][0]                                                                                                                                                  |                                                                                                                                                                                                                                                                                       |                3 |              9 |         3.00 |
|  PartitionCheckII_i/processing_system7_0/inst/FCLK_CLK0 |                                                                                                                                                                                                                                                                      | PartitionCheckII_i/ps7_0_axi_periph/s00_couplers/auto_pc/inst/gen_axilite.gen_b2s_conv.axilite_b2s/areset_d1                                                                                                                                                                          |                5 |             10 |         2.00 |
|  PartitionCheckII_i/processing_system7_0/inst/FCLK_CLK0 | PartitionCheckII_i/axi_mem_intercon/s00_couplers/auto_pc/inst/gen_axi4_axi3.axi3_conv_inst/USE_READ.USE_SPLIT_R.read_addr_inst/USE_R_CHANNEL.cmd_queue/inst/fifo_gen_inst/inst_fifo_gen/gconvfifo.rf/grf.rf/gntv_or_sync_fifo.gl0.rd/gr1.gr1_int.rfwft/E[0]          | PartitionCheckII_i/axi_mem_intercon/s00_couplers/auto_pc/inst/gen_axi4_axi3.axi3_conv_inst/USE_READ.USE_SPLIT_R.read_addr_inst/USE_R_CHANNEL.cmd_queue/inst/fifo_gen_inst/inst_fifo_gen/gconvfifo.rf/grf.rf/rstblk/ngwrdrst.grst.g7serrst.gnsckt_wrst.gcc_rst.sckt_wr_rst_cc_reg[1]_0 |                3 |             10 |         3.33 |
|  PartitionCheckII_i/processing_system7_0/inst/FCLK_CLK0 | PartitionCheckII_i/axi_mem_intercon/s00_couplers/auto_pc/inst/gen_axi4_axi3.axi3_conv_inst/USE_WRITE.write_addr_inst/USE_B_CHANNEL.cmd_b_queue/inst/fifo_gen_inst/inst_fifo_gen/gconvfifo.rf/grf.rf/gntv_or_sync_fifo.gl0.wr/gwss.wsts/E[0]                          | PartitionCheckII_i/axi_mem_intercon/s00_couplers/auto_pc/inst/gen_axi4_axi3.axi3_conv_inst/USE_WRITE.write_addr_inst/USE_B_CHANNEL.cmd_b_queue/inst/fifo_gen_inst/inst_fifo_gen/gconvfifo.rf/grf.rf/rstblk/AR[0]                                                                      |                2 |             10 |         5.00 |
|  PartitionCheckII_i/processing_system7_0/inst/FCLK_CLK0 | PartitionCheckII_i/axi_mem_intercon/s00_couplers/auto_pc/inst/gen_axi4_axi3.axi3_conv_inst/USE_READ.USE_SPLIT_R.read_addr_inst/USE_R_CHANNEL.cmd_queue/inst/fifo_gen_inst/inst_fifo_gen/gconvfifo.rf/grf.rf/gntv_or_sync_fifo.gl0.wr/gwss.wsts/E[0]                  | PartitionCheckII_i/axi_mem_intercon/s00_couplers/auto_pc/inst/gen_axi4_axi3.axi3_conv_inst/USE_READ.USE_SPLIT_R.read_addr_inst/USE_R_CHANNEL.cmd_queue/inst/fifo_gen_inst/inst_fifo_gen/gconvfifo.rf/grf.rf/rstblk/ngwrdrst.grst.g7serrst.gnsckt_wrst.gcc_rst.sckt_wr_rst_cc_reg[1]_0 |                2 |             10 |         5.00 |
|  PartitionCheckII_i/processing_system7_0/inst/FCLK_CLK0 | PartitionCheckII_i/axi_mem_intercon/s00_couplers/auto_pc/inst/gen_axi4_axi3.axi3_conv_inst/USE_WRITE.write_addr_inst/USE_BURSTS.cmd_queue/inst/fifo_gen_inst/inst_fifo_gen/gconvfifo.rf/grf.rf/gntv_or_sync_fifo.gl0.rd/gr1.gr1_int.rfwft/ram_empty_fb_i_reg[0]      | PartitionCheckII_i/axi_mem_intercon/s00_couplers/auto_pc/inst/gen_axi4_axi3.axi3_conv_inst/USE_WRITE.write_addr_inst/USE_BURSTS.cmd_queue/inst/fifo_gen_inst/inst_fifo_gen/gconvfifo.rf/grf.rf/rstblk/AR[0]                                                                           |                2 |             10 |         5.00 |
|  PartitionCheckII_i/processing_system7_0/inst/FCLK_CLK0 | PartitionCheckII_i/PartitionCheckII_0/inst/PartitionCheckII_output_r_m_axi_U/bus_read/fifo_rctl/could_multi_bursts.sect_handling_reg[0]                                                                                                                              | PartitionCheckII_i/PartitionCheckII_0/inst/PartitionCheckII_output_r_m_axi_U/bus_read/fifo_rctl/ap_rst_n_1[0]                                                                                                                                                                         |                2 |             10 |         5.00 |
|  PartitionCheckII_i/processing_system7_0/inst/FCLK_CLK0 | PartitionCheckII_i/axi_mem_intercon/s00_couplers/auto_pc/inst/gen_axi4_axi3.axi3_conv_inst/USE_WRITE.write_addr_inst/USE_B_CHANNEL.cmd_b_queue/inst/fifo_gen_inst/inst_fifo_gen/gconvfifo.rf/grf.rf/gntv_or_sync_fifo.gl0.rd/gr1.gr1_int.rfwft/ram_empty_fb_i_reg[0] | PartitionCheckII_i/axi_mem_intercon/s00_couplers/auto_pc/inst/gen_axi4_axi3.axi3_conv_inst/USE_WRITE.write_addr_inst/USE_B_CHANNEL.cmd_b_queue/inst/fifo_gen_inst/inst_fifo_gen/gconvfifo.rf/grf.rf/rstblk/AR[0]                                                                      |                2 |             10 |         5.00 |
|  PartitionCheckII_i/processing_system7_0/inst/FCLK_CLK0 | PartitionCheckII_i/axi_mem_intercon/s00_couplers/auto_pc/inst/gen_axi4_axi3.axi3_conv_inst/USE_WRITE.write_addr_inst/USE_BURSTS.cmd_queue/inst/fifo_gen_inst/inst_fifo_gen/gconvfifo.rf/grf.rf/gntv_or_sync_fifo.gl0.wr/gwss.wsts/E[0]                               | PartitionCheckII_i/axi_mem_intercon/s00_couplers/auto_pc/inst/gen_axi4_axi3.axi3_conv_inst/USE_WRITE.write_addr_inst/USE_BURSTS.cmd_queue/inst/fifo_gen_inst/inst_fifo_gen/gconvfifo.rf/grf.rf/rstblk/AR[0]                                                                           |                3 |             10 |         3.33 |
|  PartitionCheckII_i/processing_system7_0/inst/FCLK_CLK0 |                                                                                                                                                                                                                                                                      | PartitionCheckII_i/axi_mem_intercon/s00_couplers/auto_pc/inst/gen_axi4_axi3.axi3_conv_inst/USE_READ.USE_SPLIT_R.read_addr_inst/USE_R_CHANNEL.cmd_queue/inst/fifo_gen_inst/inst_fifo_gen/gconvfifo.rf/grf.rf/rstblk/ngwrdrst.grst.g7serrst.gnsckt_wrst.gcc_rst.sckt_wr_rst_cc_reg[1]_0 |                4 |             12 |         3.00 |
|  PartitionCheckII_i/processing_system7_0/inst/FCLK_CLK0 |                                                                                                                                                                                                                                                                      | PartitionCheckII_i/axi_mem_intercon/s00_couplers/auto_pc/inst/gen_axi4_axi3.axi3_conv_inst/USE_WRITE.write_addr_inst/USE_BURSTS.cmd_queue/inst/fifo_gen_inst/inst_fifo_gen/gconvfifo.rf/grf.rf/rstblk/AR[0]                                                                           |                5 |             12 |         2.40 |
|  PartitionCheckII_i/processing_system7_0/inst/FCLK_CLK0 |                                                                                                                                                                                                                                                                      | PartitionCheckII_i/axi_mem_intercon/s00_couplers/auto_pc/inst/gen_axi4_axi3.axi3_conv_inst/USE_WRITE.write_addr_inst/USE_B_CHANNEL.cmd_b_queue/inst/fifo_gen_inst/inst_fifo_gen/gconvfifo.rf/grf.rf/rstblk/AR[0]                                                                      |                4 |             12 |         3.00 |
|  PartitionCheckII_i/processing_system7_0/inst/FCLK_CLK0 | PartitionCheckII_i/ps7_0_axi_periph/s00_couplers/auto_pc/inst/gen_axilite.gen_b2s_conv.axilite_b2s/RD.r_channel_0/r_push_r                                                                                                                                           |                                                                                                                                                                                                                                                                                       |                4 |             13 |         3.25 |
|  PartitionCheckII_i/processing_system7_0/inst/FCLK_CLK0 | PartitionCheckII_i/ps7_0_axi_periph/s00_couplers/auto_pc/inst/gen_axilite.gen_b2s_conv.axilite_b2s/SI_REG/b.b_pipe/p_1_in                                                                                                                                            |                                                                                                                                                                                                                                                                                       |                2 |             14 |         7.00 |
|  PartitionCheckII_i/processing_system7_0/inst/FCLK_CLK0 | PartitionCheckII_i/ps7_0_axi_periph/s00_couplers/auto_pc/inst/gen_axilite.gen_b2s_conv.axilite_b2s/SI_REG/b.b_pipe/s_ready_i_reg_0                                                                                                                                   |                                                                                                                                                                                                                                                                                       |                2 |             14 |         7.00 |
|  PartitionCheckII_i/processing_system7_0/inst/FCLK_CLK0 |                                                                                                                                                                                                                                                                      | PartitionCheckII_i/axi_mem_intercon/s00_couplers/auto_pc/inst/gen_axi4_axi3.axi3_conv_inst/USE_WRITE.write_addr_inst/USE_BURSTS.cmd_queue/inst/SR[0]                                                                                                                                  |                9 |             16 |         1.78 |
|  PartitionCheckII_i/processing_system7_0/inst/FCLK_CLK0 | PartitionCheckII_i/ps7_0_axi_periph/s00_couplers/auto_pc/inst/gen_axilite.gen_b2s_conv.axilite_b2s/WR.b_channel_0/bid_fifo_0/sel                                                                                                                                     |                                                                                                                                                                                                                                                                                       |                3 |             16 |         5.33 |
|  PartitionCheckII_i/processing_system7_0/inst/FCLK_CLK0 | PartitionCheckII_i/axi_mem_intercon/s00_couplers/auto_us/inst/gen_upsizer.gen_full_upsizer.axi_upsizer_inst/USE_READ.read_addr_inst/GEN_CMD_QUEUE.cmd_queue/valid_Write                                                                                              |                                                                                                                                                                                                                                                                                       |                5 |             17 |         3.40 |
|  PartitionCheckII_i/processing_system7_0/inst/FCLK_CLK0 | PartitionCheckII_i/axi_mem_intercon/s00_couplers/auto_us/inst/gen_upsizer.gen_full_upsizer.axi_upsizer_inst/USE_READ.read_addr_inst/GEN_CMD_QUEUE.cmd_queue/M_READY_I                                                                                                | PartitionCheckII_i/axi_mem_intercon/s00_couplers/auto_us/inst/gen_upsizer.gen_full_upsizer.axi_upsizer_inst/USE_WRITE.gen_non_fifo_w_upsizer.write_data_inst/SR[0]                                                                                                                    |                6 |             18 |         3.00 |
|  PartitionCheckII_i/processing_system7_0/inst/FCLK_CLK0 | PartitionCheckII_i/ps7_0_axi_periph/s00_couplers/auto_pc/inst/gen_axilite.gen_b2s_conv.axilite_b2s/WR.aw_channel_0/aw_cmd_fsm_0/E[0]                                                                                                                                 |                                                                                                                                                                                                                                                                                       |                7 |             20 |         2.86 |
|  PartitionCheckII_i/processing_system7_0/inst/FCLK_CLK0 | PartitionCheckII_i/PartitionCheckII_0/inst/PartitionCheckII_output_r_m_axi_U/bus_read/fifo_rreq/E[0]                                                                                                                                                                 | PartitionCheckII_i/PartitionCheckII_0/inst/PartitionCheckII_output_r_m_axi_U/bus_read/buff_rdata/SR[0]                                                                                                                                                                                |                5 |             20 |         4.00 |
|  PartitionCheckII_i/processing_system7_0/inst/FCLK_CLK0 | PartitionCheckII_i/ps7_0_axi_periph/s00_couplers/auto_pc/inst/gen_axilite.gen_b2s_conv.axilite_b2s/RD.ar_channel_0/ar_cmd_fsm_0/m_valid_i_reg[0]                                                                                                                     |                                                                                                                                                                                                                                                                                       |                7 |             20 |         2.86 |
|  PartitionCheckII_i/processing_system7_0/inst/FCLK_CLK0 | PartitionCheckII_i/PartitionCheckII_0/inst/PartitionCheckII_sqrt_s_axi_U/ar_hs                                                                                                                                                                                       | PartitionCheckII_i/PartitionCheckII_0/inst/PartitionCheckII_sqrt_s_axi_U/rdata[30]_i_1_n_3                                                                                                                                                                                            |                4 |             26 |         6.50 |
|  PartitionCheckII_i/processing_system7_0/inst/FCLK_CLK0 | PartitionCheckII_i/ps7_0_axi_periph/s00_couplers/auto_pc/inst/gen_axilite.gen_b2s_conv.axilite_b2s/WR.b_channel_0/bid_fifo_0/E[0]                                                                                                                                    |                                                                                                                                                                                                                                                                                       |                5 |             28 |         5.60 |
|  PartitionCheckII_i/processing_system7_0/inst/FCLK_CLK0 | PartitionCheckII_i/ps7_0_axi_periph/s00_couplers/auto_pc/inst/gen_axilite.gen_b2s_conv.axilite_b2s/SI_REG/aw.aw_pipe/s_ready_i_reg_0                                                                                                                                 |                                                                                                                                                                                                                                                                                       |                5 |             28 |         5.60 |
|  PartitionCheckII_i/processing_system7_0/inst/FCLK_CLK0 | PartitionCheckII_i/ps7_0_axi_periph/s00_couplers/auto_pc/inst/gen_axilite.gen_b2s_conv.axilite_b2s/SI_REG/ar.ar_pipe/s_ready_i_reg_0                                                                                                                                 |                                                                                                                                                                                                                                                                                       |                8 |             28 |         3.50 |
|  PartitionCheckII_i/processing_system7_0/inst/FCLK_CLK0 | PartitionCheckII_i/ps7_0_axi_periph/s00_couplers/auto_pc/inst/gen_axilite.gen_b2s_conv.axilite_b2s/RD.ar_channel_0/ar_cmd_fsm_0/m_valid_i_reg_1[0]                                                                                                                   |                                                                                                                                                                                                                                                                                       |                5 |             28 |         5.60 |
|  PartitionCheckII_i/processing_system7_0/inst/FCLK_CLK0 |                                                                                                                                                                                                                                                                      | PartitionCheckII_i/axi_mem_intercon/s00_couplers/auto_us/inst/gen_upsizer.gen_full_upsizer.axi_upsizer_inst/USE_WRITE.gen_non_fifo_w_upsizer.write_data_inst/SR[0]                                                                                                                    |               11 |             29 |         2.64 |
|  PartitionCheckII_i/processing_system7_0/inst/FCLK_CLK0 | PartitionCheckII_i/PartitionCheckII_0/inst/PartitionCheckII_output_r_m_axi_U/bus_read/rs_rdata/add_ln21_1_reg_4370                                                                                                                                                   |                                                                                                                                                                                                                                                                                       |                8 |             30 |         3.75 |
|  PartitionCheckII_i/processing_system7_0/inst/FCLK_CLK0 | PartitionCheckII_i/PartitionCheckII_0/inst/PartitionCheckII_output_r_m_axi_U/bus_read/rs_rdata/state_reg[0]_1                                                                                                                                                        | PartitionCheckII_i/PartitionCheckII_0/inst/PartitionCheckII_output_r_m_axi_U/bus_read/rs_rdata/ap_CS_fsm_reg[16]_0[0]                                                                                                                                                                 |                8 |             30 |         3.75 |
|  PartitionCheckII_i/processing_system7_0/inst/FCLK_CLK0 | PartitionCheckII_i/PartitionCheckII_0/inst/PartitionCheckII_sqrt_s_axi_U/E[0]                                                                                                                                                                                        |                                                                                                                                                                                                                                                                                       |                9 |             30 |         3.33 |
|  PartitionCheckII_i/processing_system7_0/inst/FCLK_CLK0 | PartitionCheckII_i/PartitionCheckII_0/inst/PartitionCheckII_output_r_m_axi_U/bus_read/fifo_rctl/p_20_in                                                                                                                                                              | PartitionCheckII_i/PartitionCheckII_0/inst/PartitionCheckII_output_r_m_axi_U/bus_read/buff_rdata/SR[0]                                                                                                                                                                                |                5 |             30 |         6.00 |
|  PartitionCheckII_i/processing_system7_0/inst/FCLK_CLK0 | PartitionCheckII_i/PartitionCheckII_0/inst/PartitionCheckII_output_r_m_axi_U/bus_read/rs_rreq/s_ready_t_reg_0[0]                                                                                                                                                     |                                                                                                                                                                                                                                                                                       |                6 |             30 |         5.00 |
|  PartitionCheckII_i/processing_system7_0/inst/FCLK_CLK0 | PartitionCheckII_i/PartitionCheckII_0/inst/ap_CS_fsm_state10                                                                                                                                                                                                         |                                                                                                                                                                                                                                                                                       |                8 |             30 |         3.75 |
|  PartitionCheckII_i/processing_system7_0/inst/FCLK_CLK0 | PartitionCheckII_i/PartitionCheckII_0/inst/PartitionCheckII_output_r_m_axi_U/bus_read/fifo_rctl/could_multi_bursts.sect_handling_reg[0]                                                                                                                              | PartitionCheckII_i/PartitionCheckII_0/inst/PartitionCheckII_output_r_m_axi_U/bus_read/buff_rdata/SR[0]                                                                                                                                                                                |                6 |             31 |         5.17 |
|  PartitionCheckII_i/processing_system7_0/inst/FCLK_CLK0 | PartitionCheckII_i/PartitionCheckII_0/inst/solution_reg_1560                                                                                                                                                                                                         | PartitionCheckII_i/PartitionCheckII_0/inst/solution_reg_156                                                                                                                                                                                                                           |                8 |             32 |         4.00 |
|  PartitionCheckII_i/processing_system7_0/inst/FCLK_CLK0 | PartitionCheckII_i/PartitionCheckII_0/inst/sum0s_0_i_reg_168                                                                                                                                                                                                         | PartitionCheckII_i/PartitionCheckII_0/inst/sum1s_0_i_reg_180[0]_i_1_n_3                                                                                                                                                                                                               |                8 |             32 |         4.00 |
|  PartitionCheckII_i/processing_system7_0/inst/FCLK_CLK0 | PartitionCheckII_i/PartitionCheckII_0/inst/sum1s_0_i_reg_180                                                                                                                                                                                                         | PartitionCheckII_i/PartitionCheckII_0/inst/sum1s_0_i_reg_180[0]_i_1_n_3                                                                                                                                                                                                               |                8 |             32 |         4.00 |
|  PartitionCheckII_i/processing_system7_0/inst/FCLK_CLK0 | PartitionCheckII_i/PartitionCheckII_0/inst/PartitionCheckII_output_r_m_axi_U/bus_read/rs_rdata/ap_CS_fsm_reg[8]                                                                                                                                                      |                                                                                                                                                                                                                                                                                       |                6 |             32 |         5.33 |
|  PartitionCheckII_i/processing_system7_0/inst/FCLK_CLK0 | PartitionCheckII_i/PartitionCheckII_0/inst/PartitionCheckII_sqrt_s_axi_U/int_array_r[31]_i_1_n_3                                                                                                                                                                     | PartitionCheckII_i/PartitionCheckII_0/inst/PartitionCheckII_output_r_m_axi_U/bus_read/buff_rdata/SR[0]                                                                                                                                                                                |                4 |             32 |         8.00 |
|  PartitionCheckII_i/processing_system7_0/inst/FCLK_CLK0 | PartitionCheckII_i/PartitionCheckII_0/inst/PartitionCheckII_output_r_m_axi_U/bus_read/rs_rdata/load_p1                                                                                                                                                               |                                                                                                                                                                                                                                                                                       |               10 |             32 |         3.20 |
|  PartitionCheckII_i/processing_system7_0/inst/FCLK_CLK0 | PartitionCheckII_i/PartitionCheckII_0/inst/PartitionCheckII_output_r_m_axi_U/bus_read/rs_rdata/load_p2                                                                                                                                                               |                                                                                                                                                                                                                                                                                       |                5 |             32 |         6.40 |
|  PartitionCheckII_i/processing_system7_0/inst/FCLK_CLK0 | PartitionCheckII_i/PartitionCheckII_0/inst/PartitionCheckII_output_r_m_axi_U/bus_read/rs_rdata/state_reg[0]_1                                                                                                                                                        |                                                                                                                                                                                                                                                                                       |                6 |             32 |         5.33 |
|  PartitionCheckII_i/processing_system7_0/inst/FCLK_CLK0 | PartitionCheckII_i/ps7_0_axi_periph/s00_couplers/auto_pc/inst/gen_axilite.gen_b2s_conv.axilite_b2s/RD.r_channel_0/rd_data_fifo_0/wr_en0                                                                                                                              |                                                                                                                                                                                                                                                                                       |                9 |             32 |         3.56 |
|  PartitionCheckII_i/processing_system7_0/inst/FCLK_CLK0 | PartitionCheckII_i/PartitionCheckII_0/inst/PartitionCheckII_output_r_m_axi_U/bus_read/rs_rdata/E[0]                                                                                                                                                                  |                                                                                                                                                                                                                                                                                       |                5 |             32 |         6.40 |
|  PartitionCheckII_i/processing_system7_0/inst/FCLK_CLK0 | PartitionCheckII_i/PartitionCheckII_0/inst/PartitionCheckII_output_r_m_axi_U/bus_read/buff_rdata/pop                                                                                                                                                                 | PartitionCheckII_i/PartitionCheckII_0/inst/PartitionCheckII_output_r_m_axi_U/bus_read/buff_rdata/SR[0]                                                                                                                                                                                |                5 |             33 |         6.60 |
|  PartitionCheckII_i/processing_system7_0/inst/FCLK_CLK0 | PartitionCheckII_i/axi_mem_intercon/s00_couplers/auto_us/inst/gen_upsizer.gen_full_upsizer.axi_upsizer_inst/si_register_slice_inst/ar.ar_pipe/E[0]                                                                                                                   |                                                                                                                                                                                                                                                                                       |               12 |             38 |         3.17 |
|  PartitionCheckII_i/processing_system7_0/inst/FCLK_CLK0 | PartitionCheckII_i/axi_mem_intercon/s00_couplers/auto_pc/inst/gen_axi4_axi3.axi3_conv_inst/USE_READ.USE_SPLIT_R.read_addr_inst/E[0]                                                                                                                                  | PartitionCheckII_i/axi_mem_intercon/s00_couplers/auto_pc/inst/gen_axi4_axi3.axi3_conv_inst/USE_WRITE.write_addr_inst/USE_BURSTS.cmd_queue/inst/SR[0]                                                                                                                                  |               14 |             39 |         2.79 |
|  PartitionCheckII_i/processing_system7_0/inst/FCLK_CLK0 | PartitionCheckII_i/PartitionCheckII_0/inst/PartitionCheckII_output_r_m_axi_U/bus_read/buff_rdata/push                                                                                                                                                                | PartitionCheckII_i/PartitionCheckII_0/inst/PartitionCheckII_output_r_m_axi_U/bus_read/buff_rdata/SR[0]                                                                                                                                                                                |               10 |             41 |         4.10 |
|  PartitionCheckII_i/processing_system7_0/inst/FCLK_CLK0 | PartitionCheckII_i/ps7_0_axi_periph/s00_couplers/auto_pc/inst/gen_axilite.gen_b2s_conv.axilite_b2s/SI_REG/r.r_pipe/s_ready_i_reg_0                                                                                                                                   |                                                                                                                                                                                                                                                                                       |               10 |             45 |         4.50 |
|  PartitionCheckII_i/processing_system7_0/inst/FCLK_CLK0 | PartitionCheckII_i/ps7_0_axi_periph/s00_couplers/auto_pc/inst/gen_axilite.gen_b2s_conv.axilite_b2s/SI_REG/r.r_pipe/p_1_in                                                                                                                                            |                                                                                                                                                                                                                                                                                       |                8 |             45 |         5.63 |
|  PartitionCheckII_i/processing_system7_0/inst/FCLK_CLK0 | PartitionCheckII_i/PartitionCheckII_0/inst/PartitionCheckII_output_r_m_axi_U/bus_read/rs_rreq/load_p2                                                                                                                                                                |                                                                                                                                                                                                                                                                                       |               10 |             60 |         6.00 |
|  PartitionCheckII_i/processing_system7_0/inst/FCLK_CLK0 | PartitionCheckII_i/PartitionCheckII_0/inst/PartitionCheckII_output_r_m_axi_U/bus_read/rs_rreq/load_p1                                                                                                                                                                |                                                                                                                                                                                                                                                                                       |               18 |             60 |         3.33 |
|  PartitionCheckII_i/processing_system7_0/inst/FCLK_CLK0 | PartitionCheckII_i/PartitionCheckII_0/inst/PartitionCheckII_output_r_m_axi_U/bus_read/fifo_rctl/empty_n_reg_1[0]                                                                                                                                                     | PartitionCheckII_i/PartitionCheckII_0/inst/PartitionCheckII_output_r_m_axi_U/bus_read/buff_rdata/SR[0]                                                                                                                                                                                |               11 |             60 |         5.45 |
|  PartitionCheckII_i/processing_system7_0/inst/FCLK_CLK0 | PartitionCheckII_i/PartitionCheckII_0/inst/PartitionCheckII_output_r_m_axi_U/bus_read/fifo_rreq/push                                                                                                                                                                 |                                                                                                                                                                                                                                                                                       |                8 |             60 |         7.50 |
|  PartitionCheckII_i/processing_system7_0/inst/FCLK_CLK0 | PartitionCheckII_i/PartitionCheckII_0/inst/PartitionCheckII_output_r_m_axi_U/bus_read/fifo_rctl/rreq_handling_reg_0                                                                                                                                                  | PartitionCheckII_i/PartitionCheckII_0/inst/PartitionCheckII_output_r_m_axi_U/bus_read/buff_rdata/SR[0]                                                                                                                                                                                |                9 |             61 |         6.78 |
|  PartitionCheckII_i/processing_system7_0/inst/FCLK_CLK0 | PartitionCheckII_i/PartitionCheckII_0/inst/ap_CS_fsm_state23                                                                                                                                                                                                         |                                                                                                                                                                                                                                                                                       |               14 |             63 |         4.50 |
|  PartitionCheckII_i/processing_system7_0/inst/FCLK_CLK0 | PartitionCheckII_i/PartitionCheckII_0/inst/i_0_i_reg_2030                                                                                                                                                                                                            | PartitionCheckII_i/PartitionCheckII_0/inst/mask_0_i_reg_192                                                                                                                                                                                                                           |               16 |             64 |         4.00 |
|  PartitionCheckII_i/processing_system7_0/inst/FCLK_CLK0 | PartitionCheckII_i/PartitionCheckII_0/inst/ap_NS_fsm18_out                                                                                                                                                                                                           | PartitionCheckII_i/PartitionCheckII_0/inst/ap_CS_fsm_state21                                                                                                                                                                                                                          |               16 |             64 |         4.00 |
|  PartitionCheckII_i/processing_system7_0/inst/FCLK_CLK0 | PartitionCheckII_i/axi_mem_intercon/s00_couplers/auto_us/inst/gen_upsizer.gen_full_upsizer.axi_upsizer_inst/USE_READ.gen_non_fifo_r_upsizer.mi_register_slice_inst/r.r_pipe/s_ready_i_reg_0                                                                          |                                                                                                                                                                                                                                                                                       |               13 |             67 |         5.15 |
|  PartitionCheckII_i/processing_system7_0/inst/FCLK_CLK0 | PartitionCheckII_i/axi_mem_intercon/s00_couplers/auto_us/inst/gen_upsizer.gen_full_upsizer.axi_upsizer_inst/USE_READ.read_addr_inst/GEN_CMD_QUEUE.cmd_queue/s_axi_rready_0[0]                                                                                        |                                                                                                                                                                                                                                                                                       |               15 |             67 |         4.47 |
|  PartitionCheckII_i/processing_system7_0/inst/FCLK_CLK0 |                                                                                                                                                                                                                                                                      | PartitionCheckII_i/PartitionCheckII_0/inst/PartitionCheckII_output_r_m_axi_U/bus_read/buff_rdata/SR[0]                                                                                                                                                                                |               28 |             71 |         2.54 |
|  PartitionCheckII_i/processing_system7_0/inst/FCLK_CLK0 | PartitionCheckII_i/PartitionCheckII_0/inst/PartitionCheckII_output_r_m_axi_U/bus_read/fifo_rctl/E[0]                                                                                                                                                                 | PartitionCheckII_i/PartitionCheckII_0/inst/PartitionCheckII_output_r_m_axi_U/bus_read/buff_rdata/SR[0]                                                                                                                                                                                |               14 |             73 |         5.21 |
|  PartitionCheckII_i/processing_system7_0/inst/FCLK_CLK0 |                                                                                                                                                                                                                                                                      |                                                                                                                                                                                                                                                                                       |               58 |            145 |         2.50 |
+---------------------------------------------------------+----------------------------------------------------------------------------------------------------------------------------------------------------------------------------------------------------------------------------------------------------------------------+---------------------------------------------------------------------------------------------------------------------------------------------------------------------------------------------------------------------------------------------------------------------------------------+------------------+----------------+--------------+


