

================================================================
== Vivado HLS Report for 'CheckPartition'
================================================================
* Date:           Tue Nov  3 20:23:30 2020

* Version:        2020.1 (Build 2897737 on Wed May 27 20:21:37 MDT 2020)
* Project:        AxiBurst
* Solution:       solution1
* Product family: zynq
* Target device:  xc7z020-clg400-1


================================================================
== Performance Estimates
================================================================
+ Timing: 
    * Summary: 
    +--------+----------+----------+------------+
    |  Clock |  Target  | Estimated| Uncertainty|
    +--------+----------+----------+------------+
    |ap_clk  | 10.00 ns | 8.279 ns |   1.25 ns  |
    +--------+----------+----------+------------+

+ Latency: 
    * Summary: 
    +---------+---------+----------+----------+-----+-----+----------+
    |  Latency (cycles) |  Latency (absolute) |  Interval | Pipeline |
    |   min   |   max   |    min   |    max   | min | max |   Type   |
    +---------+---------+----------+----------+-----+-----+----------+
    |       13|       13| 0.130 us | 0.130 us |   13|   13| function |
    +---------+---------+----------+----------+-----+-----+----------+

    + Detail: 
        * Instance: 
        N/A

        * Loop: 
        N/A



================================================================
== Utilization Estimates
================================================================
* Summary: 
+-----------------+---------+-------+--------+-------+-----+
|       Name      | BRAM_18K| DSP48E|   FF   |  LUT  | URAM|
+-----------------+---------+-------+--------+-------+-----+
|DSP              |        -|      -|       -|      -|    -|
|Expression       |        -|      -|       0|   3391|    -|
|FIFO             |        -|      -|       -|      -|    -|
|Instance         |        -|      -|       -|      -|    -|
|Memory           |        -|      -|       -|      -|    -|
|Multiplexer      |        -|      -|       -|    201|    -|
|Register         |        -|      -|     829|      -|    -|
+-----------------+---------+-------+--------+-------+-----+
|Total            |        0|      0|     829|   3592|    0|
+-----------------+---------+-------+--------+-------+-----+
|Available        |      280|    220|  106400|  53200|    0|
+-----------------+---------+-------+--------+-------+-----+
|Utilization (%)  |        0|      0|   ~0   |      6|    0|
+-----------------+---------+-------+--------+-------+-----+

+ Detail: 
    * Instance: 
    N/A

    * DSP48E: 
    N/A

    * Memory: 
    N/A

    * FIFO: 
    N/A

    * Expression: 
    +---------------------------+----------+-------+---+----+------------+------------+
    |       Variable Name       | Operation| DSP48E| FF| LUT| Bitwidth P0| Bitwidth P1|
    +---------------------------+----------+-------+---+----+------------+------------+
    |add_ln57_10_fu_801_p2      |     +    |      0|  0|  39|          32|          32|
    |add_ln57_11_fu_823_p2      |     +    |      0|  0|  39|          32|          32|
    |add_ln57_12_fu_849_p2      |     +    |      0|  0|  39|          32|          32|
    |add_ln57_13_fu_871_p2      |     +    |      0|  0|  39|          32|          32|
    |add_ln57_14_fu_897_p2      |     +    |      0|  0|  39|          32|          32|
    |add_ln57_15_fu_919_p2      |     +    |      0|  0|  39|          32|          32|
    |add_ln57_16_fu_945_p2      |     +    |      0|  0|  39|          32|          32|
    |add_ln57_17_fu_967_p2      |     +    |      0|  0|  39|          32|          32|
    |add_ln57_18_fu_993_p2      |     +    |      0|  0|  39|          32|          32|
    |add_ln57_19_fu_1015_p2     |     +    |      0|  0|  39|          32|          32|
    |add_ln57_1_fu_413_p2       |     +    |      0|  0|  39|          32|          32|
    |add_ln57_20_fu_1041_p2     |     +    |      0|  0|  39|          32|          32|
    |add_ln57_21_fu_1063_p2     |     +    |      0|  0|  39|          32|          32|
    |add_ln57_22_fu_1089_p2     |     +    |      0|  0|  39|          32|          32|
    |add_ln57_2_fu_609_p2       |     +    |      0|  0|  39|          32|          32|
    |add_ln57_3_fu_631_p2       |     +    |      0|  0|  39|          32|          32|
    |add_ln57_4_fu_657_p2       |     +    |      0|  0|  39|          32|          32|
    |add_ln57_5_fu_679_p2       |     +    |      0|  0|  39|          32|          32|
    |add_ln57_6_fu_705_p2       |     +    |      0|  0|  39|          32|          32|
    |add_ln57_7_fu_727_p2       |     +    |      0|  0|  39|          32|          32|
    |add_ln57_8_fu_753_p2       |     +    |      0|  0|  39|          32|          32|
    |add_ln57_9_fu_775_p2       |     +    |      0|  0|  39|          32|          32|
    |add_ln57_fu_379_p2         |     +    |      0|  0|  39|          32|          32|
    |add_ln60_10_fu_806_p2      |     +    |      0|  0|  39|          32|          32|
    |add_ln60_11_fu_829_p2      |     +    |      0|  0|  39|          32|          32|
    |add_ln60_12_fu_854_p2      |     +    |      0|  0|  39|          32|          32|
    |add_ln60_13_fu_877_p2      |     +    |      0|  0|  39|          32|          32|
    |add_ln60_14_fu_902_p2      |     +    |      0|  0|  39|          32|          32|
    |add_ln60_15_fu_925_p2      |     +    |      0|  0|  39|          32|          32|
    |add_ln60_16_fu_950_p2      |     +    |      0|  0|  39|          32|          32|
    |add_ln60_17_fu_973_p2      |     +    |      0|  0|  39|          32|          32|
    |add_ln60_18_fu_998_p2      |     +    |      0|  0|  39|          32|          32|
    |add_ln60_19_fu_1021_p2     |     +    |      0|  0|  39|          32|          32|
    |add_ln60_1_fu_419_p2       |     +    |      0|  0|  39|          32|          32|
    |add_ln60_20_fu_1046_p2     |     +    |      0|  0|  39|          32|          32|
    |add_ln60_21_fu_1069_p2     |     +    |      0|  0|  39|          32|          32|
    |add_ln60_22_fu_1094_p2     |     +    |      0|  0|  39|          32|          32|
    |add_ln60_23_fu_1111_p2     |     +    |      0|  0|  39|          32|          32|
    |add_ln60_2_fu_614_p2       |     +    |      0|  0|  39|          32|          32|
    |add_ln60_3_fu_637_p2       |     +    |      0|  0|  39|          32|          32|
    |add_ln60_4_fu_662_p2       |     +    |      0|  0|  39|          32|          32|
    |add_ln60_5_fu_685_p2       |     +    |      0|  0|  39|          32|          32|
    |add_ln60_6_fu_710_p2       |     +    |      0|  0|  39|          32|          32|
    |add_ln60_7_fu_733_p2       |     +    |      0|  0|  39|          32|          32|
    |add_ln60_8_fu_758_p2       |     +    |      0|  0|  39|          32|          32|
    |add_ln60_9_fu_781_p2       |     +    |      0|  0|  39|          32|          32|
    |add_ln60_fu_384_p2         |     +    |      0|  0|  39|          32|          32|
    |ap_block_pp0_stage0_11001  |    and   |      0|  0|   2|           1|           1|
    |ap_return                  |   icmp   |      0|  0|  18|          32|          32|
    |select_ln56_10_fu_667_p3   |  select  |      0|  0|  32|           1|          32|
    |select_ln56_11_fu_673_p3   |  select  |      0|  0|  32|           1|          32|
    |select_ln56_12_fu_691_p3   |  select  |      0|  0|  32|           1|          32|
    |select_ln56_13_fu_698_p3   |  select  |      0|  0|  32|           1|          32|
    |select_ln56_14_fu_715_p3   |  select  |      0|  0|  32|           1|          32|
    |select_ln56_15_fu_721_p3   |  select  |      0|  0|  32|           1|          32|
    |select_ln56_16_fu_739_p3   |  select  |      0|  0|  32|           1|          32|
    |select_ln56_17_fu_746_p3   |  select  |      0|  0|  32|           1|          32|
    |select_ln56_18_fu_763_p3   |  select  |      0|  0|  32|           1|          32|
    |select_ln56_19_fu_769_p3   |  select  |      0|  0|  32|           1|          32|
    |select_ln56_1_fu_363_p3    |  select  |      0|  0|  32|           1|          32|
    |select_ln56_20_fu_787_p3   |  select  |      0|  0|  32|           1|          32|
    |select_ln56_21_fu_794_p3   |  select  |      0|  0|  32|           1|          32|
    |select_ln56_22_fu_811_p3   |  select  |      0|  0|  32|           1|          32|
    |select_ln56_23_fu_817_p3   |  select  |      0|  0|  32|           1|          32|
    |select_ln56_24_fu_835_p3   |  select  |      0|  0|  32|           1|          32|
    |select_ln56_25_fu_842_p3   |  select  |      0|  0|  32|           1|          32|
    |select_ln56_26_fu_859_p3   |  select  |      0|  0|  32|           1|          32|
    |select_ln56_27_fu_865_p3   |  select  |      0|  0|  32|           1|          32|
    |select_ln56_28_fu_883_p3   |  select  |      0|  0|  32|           1|          32|
    |select_ln56_29_fu_890_p3   |  select  |      0|  0|  32|           1|          32|
    |select_ln56_2_fu_389_p3    |  select  |      0|  0|  32|           1|          32|
    |select_ln56_30_fu_907_p3   |  select  |      0|  0|  32|           1|          32|
    |select_ln56_31_fu_913_p3   |  select  |      0|  0|  32|           1|          32|
    |select_ln56_32_fu_931_p3   |  select  |      0|  0|  32|           1|          32|
    |select_ln56_33_fu_938_p3   |  select  |      0|  0|  32|           1|          32|
    |select_ln56_34_fu_955_p3   |  select  |      0|  0|  32|           1|          32|
    |select_ln56_35_fu_961_p3   |  select  |      0|  0|  32|           1|          32|
    |select_ln56_36_fu_979_p3   |  select  |      0|  0|  32|           1|          32|
    |select_ln56_37_fu_986_p3   |  select  |      0|  0|  32|           1|          32|
    |select_ln56_38_fu_1003_p3  |  select  |      0|  0|  32|           1|          32|
    |select_ln56_39_fu_1009_p3  |  select  |      0|  0|  32|           1|          32|
    |select_ln56_3_fu_397_p3    |  select  |      0|  0|  32|           1|          32|
    |select_ln56_40_fu_1027_p3  |  select  |      0|  0|  32|           1|          32|
    |select_ln56_41_fu_1034_p3  |  select  |      0|  0|  32|           1|          32|
    |select_ln56_42_fu_1051_p3  |  select  |      0|  0|  32|           1|          32|
    |select_ln56_43_fu_1057_p3  |  select  |      0|  0|  32|           1|          32|
    |select_ln56_44_fu_1075_p3  |  select  |      0|  0|  32|           1|          32|
    |select_ln56_45_fu_1082_p3  |  select  |      0|  0|  32|           1|          32|
    |select_ln56_46_fu_1099_p3  |  select  |      0|  0|  32|           1|          32|
    |select_ln56_47_fu_1105_p3  |  select  |      0|  0|  32|           1|          32|
    |select_ln56_4_fu_425_p3    |  select  |      0|  0|  32|           1|          32|
    |select_ln56_5_fu_433_p3    |  select  |      0|  0|  32|           1|          32|
    |select_ln56_6_fu_619_p3    |  select  |      0|  0|  32|           1|          32|
    |select_ln56_7_fu_625_p3    |  select  |      0|  0|  32|           1|          32|
    |select_ln56_8_fu_643_p3    |  select  |      0|  0|  32|           1|          32|
    |select_ln56_9_fu_650_p3    |  select  |      0|  0|  32|           1|          32|
    |select_ln56_fu_355_p3      |  select  |      0|  0|  32|           1|           1|
    |ap_enable_pp0              |    xor   |      0|  0|   2|           1|           2|
    +---------------------------+----------+-------+---+----+------------+------------+
    |Total                      |          |      0|  0|3391|        1586|        3044|
    +---------------------------+----------+-------+---+----+------------+------------+

    * Multiplexer: 
    +-------------------------+----+-----------+-----+-----------+
    |           Name          | LUT| Input Size| Bits| Total Bits|
    +-------------------------+----+-----------+-----+-----------+
    |ap_NS_fsm                |  59|         14|    1|         14|
    |ap_enable_reg_pp0_iter0  |   9|          2|    1|          2|
    |ap_enable_reg_pp0_iter1  |   9|          2|    1|          2|
    |array_r_address0         |  59|         14|    7|         98|
    |array_r_address1         |  56|         13|    7|         91|
    |reg_346                  |   9|          2|   32|         64|
    +-------------------------+----+-----------+-----+-----------+
    |Total                    | 201|         47|   49|        271|
    +-------------------------+----+-----------+-----+-----------+

    * Register: 
    +-----------------------------+----+----+-----+-----------+
    |             Name            | FF | LUT| Bits| Const Bits|
    +-----------------------------+----+----+-----+-----------+
    |ap_CS_fsm                    |  13|   0|   13|          0|
    |ap_enable_reg_pp0_iter0_reg  |   1|   0|    1|          0|
    |ap_enable_reg_pp0_iter1      |   1|   0|    1|          0|
    |ap_port_reg_value_r          |  25|   0|   25|          0|
    |array_load_1_reg_1133        |  32|   0|   32|          0|
    |reg_346                      |  32|   0|   32|          0|
    |select_ln56_12_reg_1319      |  32|   0|   32|          0|
    |select_ln56_13_reg_1325      |  32|   0|   32|          0|
    |select_ln56_16_reg_1341      |  32|   0|   32|          0|
    |select_ln56_17_reg_1347      |  32|   0|   32|          0|
    |select_ln56_20_reg_1363      |  32|   0|   32|          0|
    |select_ln56_21_reg_1369      |  32|   0|   32|          0|
    |select_ln56_24_reg_1385      |  32|   0|   32|          0|
    |select_ln56_25_reg_1391      |  32|   0|   32|          0|
    |select_ln56_28_reg_1407      |  32|   0|   32|          0|
    |select_ln56_29_reg_1413      |  32|   0|   32|          0|
    |select_ln56_32_reg_1429      |  32|   0|   32|          0|
    |select_ln56_33_reg_1435      |  32|   0|   32|          0|
    |select_ln56_36_reg_1451      |  32|   0|   32|          0|
    |select_ln56_37_reg_1457      |  32|   0|   32|          0|
    |select_ln56_40_reg_1473      |  32|   0|   32|          0|
    |select_ln56_41_reg_1479      |  32|   0|   32|          0|
    |select_ln56_44_reg_1495      |  32|   0|   32|          0|
    |select_ln56_45_reg_1501      |  32|   0|   32|          0|
    |select_ln56_4_reg_1149       |  32|   0|   32|          0|
    |select_ln56_5_reg_1155       |  32|   0|   32|          0|
    |select_ln56_8_reg_1297       |  32|   0|   32|          0|
    |select_ln56_9_reg_1303       |  32|   0|   32|          0|
    |tmp_10_reg_1219              |   1|   0|    1|          0|
    |tmp_11_reg_1225              |   1|   0|    1|          0|
    |tmp_12_reg_1231              |   1|   0|    1|          0|
    |tmp_13_reg_1237              |   1|   0|    1|          0|
    |tmp_14_reg_1243              |   1|   0|    1|          0|
    |tmp_15_reg_1249              |   1|   0|    1|          0|
    |tmp_16_reg_1255              |   1|   0|    1|          0|
    |tmp_17_reg_1261              |   1|   0|    1|          0|
    |tmp_18_reg_1267              |   1|   0|    1|          0|
    |tmp_19_reg_1273              |   1|   0|    1|          0|
    |tmp_20_reg_1279              |   1|   0|    1|          0|
    |tmp_21_reg_1285              |   1|   0|    1|          0|
    |tmp_22_reg_1291              |   1|   0|    1|          0|
    |tmp_2_reg_1161               |   1|   0|    1|          0|
    |tmp_3_reg_1167               |   1|   0|    1|          0|
    |tmp_4_reg_1178               |   1|   0|    1|          0|
    |tmp_5_reg_1189               |   1|   0|    1|          0|
    |tmp_6_reg_1195               |   1|   0|    1|          0|
    |tmp_7_reg_1201               |   1|   0|    1|          0|
    |tmp_8_reg_1207               |   1|   0|    1|          0|
    |tmp_9_reg_1213               |   1|   0|    1|          0|
    +-----------------------------+----+----+-----+-----------+
    |Total                        | 829|   0|  829|          0|
    +-----------------------------+----+----+-----+-----------+



================================================================
== Interface
================================================================
* Summary: 
+------------------+-----+-----+------------+----------------+--------------+
|     RTL Ports    | Dir | Bits|  Protocol  |  Source Object |    C Type    |
+------------------+-----+-----+------------+----------------+--------------+
|ap_clk            |  in |    1| ap_ctrl_hs | CheckPartition | return value |
|ap_rst            |  in |    1| ap_ctrl_hs | CheckPartition | return value |
|ap_start          |  in |    1| ap_ctrl_hs | CheckPartition | return value |
|ap_done           | out |    1| ap_ctrl_hs | CheckPartition | return value |
|ap_idle           | out |    1| ap_ctrl_hs | CheckPartition | return value |
|ap_ready          | out |    1| ap_ctrl_hs | CheckPartition | return value |
|ap_return         | out |    1| ap_ctrl_hs | CheckPartition | return value |
|value_r           |  in |   25|   ap_none  |     value_r    |    scalar    |
|array_r_address0  | out |    7|  ap_memory |     array_r    |     array    |
|array_r_ce0       | out |    1|  ap_memory |     array_r    |     array    |
|array_r_q0        |  in |   32|  ap_memory |     array_r    |     array    |
|array_r_address1  | out |    7|  ap_memory |     array_r    |     array    |
|array_r_ce1       | out |    1|  ap_memory |     array_r    |     array    |
|array_r_q1        |  in |   32|  ap_memory |     array_r    |     array    |
+------------------+-----+-----+------------+----------------+--------------+

